thread 'main' panicked at src/main.rs:7:9:
assertion `left == right` failed
  left: "cake"
 right: "asdfasdf"
note: run with `RUST_BACKTRACE=1` environment variable to display a backtrace
