thread 'main' panicked at src/main.rs:6:26:
.stdin file is missing line 1
note: run with `RUST_BACKTRACE=1` environment variable to display a backtrace
