Building dependencies ... ok
Building aux file tests/actual_tests/auxiliary/derive_proc_macro.rs ... ok
tests/actual_tests/aux_derive.rs ... ok
Building aux file tests/actual_tests/auxiliary/the_proc_macro.rs ... ok
tests/actual_tests/aux_proc_macro.rs ... ok
tests/actual_tests/executable.rs ... ok
tests/actual_tests/foomp-rustfix.rs ... ok
tests/actual_tests/foomp.rs ... ok
tests/actual_tests/no_rustfix.rs ... ok
tests/actual_tests/unicode.rs ... ok
tests/actual_tests/windows_paths.rs ... ok
tests/actual_tests/subdir/aux_proc_macro.rs ... ok

test result: ok. 9 passed;

