   Building test dependencies...
tests/actual_tests/foomp.rs ... ok

test result: ok. 1 tests passed, 0 ignored, 0 filtered out

