error: internal compiler error: no errors reported for args
 --> $DIR/rustc_ice.rs:8:5
  |
8 |     add("42", 3);
  |     ^^^^^^^^^^^^

thread 'rustc' panicked
