thread 'main' panicked at tests/actual_tests_bless/failing_executable.rs:4:5:
assertion `left == right` failed
  left: 5
 right: 6
note: run with `RUST_BACKTRACE=1` environment variable to display a backtrace
