thread 'main' panicked at 'assertion failed: `(left == right)`
  left: `5`,
 right: `6`', $DIR/failing_executable.rs:4:5
note: run with `RUST_BACKTRACE=1` environment variable to display a backtrace
