thread 'main' panicked at $DIR/revisioned_executable_panic.rs:6:5:
explicit panic
note: run with `RUST_BACKTRACE=1` environment variable to display a backtrace
