thread 'main' panicked at tests/actual_tests_bless/run_panic.rs:4:5:
explicit panic
note: run with `RUST_BACKTRACE=1` environment variable to display a backtrace
