error: expected `,` following `match` arm
 --> $DIR/rustfix-fail.rs:5:27
  |
5 |         0 => String::new()
  |                           ^ help: missing a comma here to end this `match` arm: `,`

error: aborting due to previous error

