Error: tests failed

Location:
    $DIR/src/lib.rs:LL:CC
error: test failed, to rerun pass `--test ui_tests`

Caused by:
  process didn't exit successfully: `$DIR/target/ui/debug/deps/ui_tests-HASH` (exit status: 1)
thread 'main' panicked at 'invalid mode/result combo: yolo: Err(tests failed

Location:
    $DIR/src/lib.rs:LL:CC)', tests/ui_tests_bless.rs:52:18
note: run with `RUST_BACKTRACE=1` environment variable to display a backtrace
error: test failed, to rerun pass `--test ui_tests_bless`
Error: failed to parse rustc version info: invalid_foobarlaksdfalsdfj

Caused by:



Location:
    $DIR/src/config.rs:LL:CC
error: test failed, to rerun pass `--test ui_tests_invalid_program`

Caused by:
  process didn't exit successfully: `$DIR/target/ui/debug/deps/ui_tests_invalid_program-HASH` (exit status: 1)
Error: tests failed

Location:
    $DIR/src/lib.rs:LL:CC
error: test failed, to rerun pass `--test ui_tests_invalid_program2`

Caused by:
  process didn't exit successfully: `$DIR/target/ui/debug/deps/ui_tests_invalid_program2-HASH` (exit status: 1)
error: 4 targets failed:
    `--test ui_tests`
    `--test ui_tests_bless`
    `--test ui_tests_invalid_program`
    `--test ui_tests_invalid_program2`
